[{"chrom": "1", "pos": "14922", "ref": "A", "dna_normal": {"depth": 33, "ref_vaf": 0.99, "minor_vaf": 0.01, "a_vaf": 0.99, "c_vaf": 0.0, "g_vaf": 0.005, "t_vaf": 0.005, "n_vaf": 0.0}, "dna_tumor": {"depth": 32, "ref_vaf": 0.99, "minor_vaf": 0.01, "a_vaf": 0.99, "c_vaf": 0.005, "g_vaf": 0.005, "t_vaf": 0.0, "n_vaf": 0.0}, "rna_normal": {"depth": 214, "ref_vaf": 0.85, "minor_vaf": 0.15, "a_vaf": 0.85, "c_vaf": 0.15, "g_vaf": 0.15, "t_vaf": 0.0, "n_vaf": 0.0}, "rna_tumor": {"depth": 32, "ref_vaf": 0.99, "minor_vaf": 0.01, "a_vaf": 0.99, "c_vaf": 0.005, "g_vaf": 0.005, "t_vaf": 0.0, "n_vaf": 0.0}}]
