CHROM	POS	REF	DNA_NORMAL_DEPTH	DNA_NORMAL_REF_VAF	DNA_NORMAL_MINOR_VAF	DNA_NORMAL_A_VAF	DNA_NORMAL_C_VAF	DNA_NORMAL_G_VAF	DNA_NORMAL_T_VAF	DNA_NORMAL_N_VAF	DNA_TUMOR_DEPTH	DNA_TUMOR_REF_VAF	DNA_TUMOR_MINOR_VAF	DNA_TUMOR_A_VAF	DNA_TUMOR_C_VAF	DNA_TUMOR_G_VAF	DNA_TUMOR_T_VAF	DNA_TUMOR_N_VAF	RNA_NORMAL_DEPTH	RNA_NORMAL_REF_VAF	RNA_NORMAL_MINOR_VAF	RNA_NORMAL_A_VAF	RNA_NORMAL_C_VAF	RNA_NORMAL_G_VAF	RNA_NORMAL_T_VAF	RNA_NORMAL_N_VAF	RNA_TUMOR_DEPTH	RNA_TUMOR_REF_VAF	RNA_TUMOR_MINOR_VAF	RNA_TUMOR_A_VAF	RNA_TUMOR_C_VAF	RNA_TUMOR_G_VAF	RNA_TUMOR_T_VAF	RNA_TUMOR_N_VAF
1	11560	C	11	0.9	0.1	0.0	0.9	0.1	0.0	0.0	11	0.9	0.1	0.0	0.9	0.1	0.0	0.0	11	0.5	0.5	0.0	0.5	0.5	0.0	0.0	11	0.5	0.5	0.0	0.5	0.5	0.0	0.0
