[{"chrom": "1", "pos": "11560", "ref": "C", "dna_normal": {"depth": 11, "ref_vaf": 0.9, "minor_vaf": 0.1, "a_vaf": 0.0, "c_vaf": 0.9, "g_vaf": 0.1, "t_vaf": 0.0, "n_vaf": 0.0}, "dna_tumor": {"depth": 11, "ref_vaf": 0.9, "minor_vaf": 0.1, "a_vaf": 0.0, "c_vaf": 0.9, "g_vaf": 0.1, "t_vaf": 0.0, "n_vaf": 0.0}, "rna_normal": {"depth": 11, "ref_vaf": 0.5, "minor_vaf": 0.5, "a_vaf": 0.0, "c_vaf": 0.5, "g_vaf": 0.5, "t_vaf": 0.0, "n_vaf": 0.0}, "rna_tumor": {"depth": 11, "ref_vaf": 0.5, "minor_vaf": 0.5, "a_vaf": 0.0, "c_vaf": 0.5, "g_vaf": 0.5, "t_vaf": 0.0, "n_vaf": 0.0}}]