[{"chrom": "1", "pos": "14922", "ref": "A", "dna_normal": {"depth": 33, "ref_vaf": 0.99, "minor_vaf": 0.01, "a_vaf": 0.99, "c_vaf": 0.0, "g_vaf": 0.005, "t_vaf": 0.005, "n_vaf": 0.0}, "dna_tumor": {"depth": 32, "ref_vaf": 0.99, "minor_vaf": 0.01, "a_vaf": 0.99, "c_vaf": 0.005, "g_vaf": 0.005, "t_vaf": 0.0, "n_vaf": 0.0}, "rna_normal": {"depth": 214, "ref_vaf": 0.85, "minor_vaf": 0.15, "a_vaf": 0.85, "c_vaf": 0.15, "g_vaf": 0.15, "t_vaf": 0.0, "n_vaf": 0.0}, "rna_tumor": {"depth": 32, "ref_vaf": 0.99, "minor_vaf": 0.01, "a_vaf": 0.99, "c_vaf": 0.005, "g_vaf": 0.005, "t_vaf": 0.0, "n_vaf": 0.0}}, {"chrom": "1", "pos": "14464", "ref": "A", "dna_normal": {"depth": 176, "ref_vaf": 0.97, "minor_vaf": 0.03, "a_vaf": 0.97, "c_vaf": 0.0, "g_vaf": 0.01, "t_vaf": 0.02, "n_vaf": 0.0}, "dna_tumor": {"depth": 45, "ref_vaf": 1.0, "minor_vaf": 0.0, "a_vaf": 1.0, "c_vaf": 0.0, "g_vaf": 0.0, "t_vaf": 0.0, "n_vaf": 0.0}, "rna_normal": {"depth": 176, "ref_vaf": 0.898, "minor_vaf": 0.102, "a_vaf": 0.898, "c_vaf": 0.0, "g_vaf": 0.0, "t_vaf": 0.102, "n_vaf": 0.0}, "rna_tumor": {"depth": 45, "ref_vaf": 1.0, "minor_vaf": 0.0, "a_vaf": 1.0, "c_vaf": 0.0, "g_vaf": 0.0, "t_vaf": 0.0, "n_vaf": 0.0}}]