CHROM	POS	REF	DNA_NORMAL_DEPTH	DNA_NORMAL_REF_VAF	DNA_NORMAL_MINOR_VAF	DNA_NORMAL_A_VAF	DNA_NORMAL_C_VAF	DNA_NORMAL_G_VAF	DNA_NORMAL_T_VAF	DNA_NORMAL_N_VAF	DNA_TUMOR_DEPTH	DNA_TUMOR_REF_VAF	DNA_TUMOR_MINOR_VAF	DNA_TUMOR_A_VAF	DNA_TUMOR_C_VAF	DNA_TUMOR_G_VAF	DNA_TUMOR_T_VAF	DNA_TUMOR_N_VAF	RNA_NORMAL_DEPTH	RNA_NORMAL_REF_VAF	RNA_NORMAL_MINOR_VAF	RNA_NORMAL_A_VAF	RNA_NORMAL_C_VAF	RNA_NORMAL_G_VAF	RNA_NORMAL_T_VAF	RNA_NORMAL_N_VAF	RNA_TUMOR_DEPTH	RNA_TUMOR_REF_VAF	RNA_TUMOR_MINOR_VAF	RNA_TUMOR_A_VAF	RNA_TUMOR_C_VAF	RNA_TUMOR_G_VAF	RNA_TUMOR_T_VAF	RNA_TUMOR_N_VAF
1	14464	A	176	0.97	0.03	0.97	0.0	0.01	0.02	0.0	45	1.0	0.0	1.0	0.0	0.0	0.0	0.0	176	0.898	0.102	0.898	0.0	0.0	0.102	0.0	45	1.0	0.0	1.0	0.0	0.0	0.0	0.0
1	14922	A	33	0.99	0.01	0.99	0.0	0.005	0.005	0.0	32	0.99	0.01	0.99	0.005	0.005	0.0	0.0	214	0.85	0.15	0.85	0.15	0.15	0.0	0.0	32	0.99	0.01	0.99	0.005	0.005	0.0	0.0
